Microchip MPLAB XC8 Compiler V2.10 ()

Linker command line:

-W-3 --edf=C:\Program Files (x86)\Microchip\xc8\v2.10\pic\dat\en_msgs.txt \
  -cs -h+dist/default/production\neopixel_ws2812.X.production.sym \
  --cmf=dist/default/production\neopixel_ws2812.X.production.cmf -z \
  -Q18F4550 -oC:\Users\titia\AppData\Local\Temp\sge4.2 \
  --defsym=__MPLAB_BUILD=1 \
  -Mdist/default/production/neopixel_ws2812.X.production.map -E1 -ver=XC8 \
  --acfsm=1493 -ASTACK=060h-07FFh -pstack=STACK -ACODE=00h-07FFFh \
  -ACONST=00h-07FFFh -ASMALLCONST=0800h-08FFhx120 \
  -AMEDIUMCONST=0800h-07FFFh -ACOMRAM=01h-05Fh -AABS1=00h-07FFh \
  -ABIGRAM=01h-07FFh -ARAM=060h-0FFh,0100h-01FFhx7 -ABANK0=060h-0FFh \
  -ABANK1=0100h-01FFh -ABANK2=0200h-02FFh -ABANK3=0300h-03FFh \
  -ABANK4=0400h-04FFh -ABANK5=0500h-05FFh -ABANK6=0600h-06FFh \
  -ABANK7=0700h-07FFh -ASFR=0F60h-0FFFh \
  -preset_vec=00h,intcode,intcodelo,powerup,init -pramtop=0800h \
  -psmallconst=SMALLCONST -pmediumconst=MEDIUMCONST -pconst=CONST \
  -AFARRAM=00h-00h -ACONFIG=0300000h-030000Dh -pconfig=CONFIG \
  -AIDLOC=0200000h-0200007h -pidloc=IDLOC -AEEDATA=0F00000h-0F000FFh \
  -peeprom_data=EEDATA \
  -prdata=COMRAM,nvrram=COMRAM,nvbit=COMRAM,rbss=COMRAM,rbit=COMRAM \
  -pfarbss=FARRAM,fardata=FARRAM,nvFARRAM=FARRAM \
  -pintsave_regs=BIGRAM,bigbss=BIGRAM,bigdata=BIGRAM -pbss=RAM \
  -pidata=CODE,irdata=CODE,ibigdata=CODE,ifardata=CODE -prparam=COMRAM \
  C:\Users\titia\AppData\Local\Temp\sge4.o \
  dist/default/production\neopixel_ws2812.X.production.o 

Object code version is 3.11

Machine type is 18F4550

Call graph: (short form)




                Name                               Link     Load   Length Selector   Space Scale
C:\Users\titia\AppData\Local\Temp\sge4.o
                init                                  0        0        4        0       0
                idloc                            200000   200000        8   200000       0
                config                           300000   300000        E   300000       0
dist/default/production\neopixel_ws2812.X.production.o
                text6                              7B50     7B50        C     3DA8       0
                text5                              7B5C     7B5C       14     3DAE       0
                text4                              7BF8     7BF8      130     3DFC       0
                text3                              7B70     7B70       1A     3DB8       0
                text2                              7BA6     7BA6       24     3DD3       0
                text1                              7BCA     7BCA       2E     3DE5       0
                text0                              7D28     7D28      2D8     3E94       0
                cstackCOMRAM                          1        1       19        1       1
                dataCOMRAM                           1C       1C        1        1       1
                bssCOMRAM                            1A       1A        2        1       1
                cinit                              7B8A     7B8A       1C     3DC5       0
                idataCOMRAM                        7B4F     7B4F        1     7B4F       0

TOTAL           Name                               Link     Load   Length     Space
        CLASS   STACK          

        CLASS   CODE           
                init                                  0        0        4         0
                text6                              7B50     7B50        C         0
                text5                              7B5C     7B5C       14         0
                text4                              7BF8     7BF8      130         0
                text3                              7B70     7B70       1A         0
                text2                              7BA6     7BA6       24         0
                text1                              7BCA     7BCA       2E         0
                text0                              7D28     7D28      2D8         0
                cinit                              7B8A     7B8A       1C         0
                idataCOMRAM                        7B4F     7B4F        1         0

        CLASS   CONST          

        CLASS   SMALLCONST     

        CLASS   MEDIUMCONST    

        CLASS   COMRAM         
                cstackCOMRAM                          1        1       19         1
                dataCOMRAM                           1C       1C        1         1
                bssCOMRAM                            1A       1A        2         1

        CLASS   ABS1           

        CLASS   BIGRAM         

        CLASS   RAM            

        CLASS   BANK0          

        CLASS   BANK1          

        CLASS   BANK2          

        CLASS   BANK3          

        CLASS   BANK4          

        CLASS   BANK5          

        CLASS   BANK6          

        CLASS   BANK7          

        CLASS   SFR            

        CLASS   FARRAM         

        CLASS   CONFIG         
                config                           300000   300000        E         0

        CLASS   IDLOC          
                idloc                            200000   200000        8         0

        CLASS   EEDATA         



SEGMENTS        Name                           Load    Length   Top    Selector   Space  Class

                reset_vec                      000000  000004  000004         0       0  CODE    
                cstackCOMRAM                   000001  00001C  00001D         1       1  COMRAM  
                idataCOMRAM                    007B4F  000001  007B50      7B4F       0  CODE    
                text6                          007B50  00000C  007B5C      3DA8       0  CODE    
                text5                          007B5C  000014  007B70      3DAE       0  CODE    
                text3                          007B70  00001A  007B8A      3DB8       0  CODE    
                cinit                          007B8A  00001C  007BA6      3DC5       0  CODE    
                text2                          007BA6  000024  007BCA      3DD3       0  CODE    
                text1                          007BCA  00002E  007BF8      3DE5       0  CODE    
                text4                          007BF8  000130  007D28      3DFC       0  CODE    
                text0                          007D28  0002D8  008000      3E94       0  CODE    
                idloc                          200000  000008  200008    200000       0  IDLOC   
                config                         300000  00000E  30000E    300000       0  CONFIG  


UNUSED ADDRESS RANGES

        Name                Unused          Largest block    Delta
        BANK0            000060-0000FF               A0
        BANK1            000100-0001FF              100
        BANK2            000200-0002FF              100
        BANK3            000300-0003FF              100
        BANK4            000400-0004FF              100
        BANK5            000500-0005FF              100
        BANK6            000600-0006FF              100
        BANK7            000700-0007FF              100
        BIGRAM           00001D-0007FF              7E3
        CODE             000004-007B4E             7B4B
        COMRAM           00001D-00005F               43
        CONST            000004-007B4E             7B4B
        EEDATA           F00000-F000FF              100
        MEDIUMCONST      000800-007B4E             734F
        RAM              000060-0007FF              100
        SFR              000F60-000FFF               A0
        SMALLCONST       000800-007B4E              100
        STACK            000060-0007FF              7A0

                                  Symbol Table

_PORTBbits                     (abs)        000F81
_TRISBbits                     (abs)        000F93
__CFG_BOR$ON                   (abs)        000000
__CFG_BORV$3                   (abs)        000000
__CFG_CCP2MX$ON                (abs)        000000
__CFG_CP0$OFF                  (abs)        000000
__CFG_CP1$OFF                  (abs)        000000
__CFG_CP2$OFF                  (abs)        000000
__CFG_CP3$OFF                  (abs)        000000
__CFG_CPB$OFF                  (abs)        000000
__CFG_CPD$OFF                  (abs)        000000
__CFG_CPUDIV$OSC1_PLL2         (abs)        000000
__CFG_EBTR0$OFF                (abs)        000000
__CFG_EBTR1$OFF                (abs)        000000
__CFG_EBTR2$OFF                (abs)        000000
__CFG_EBTR3$OFF                (abs)        000000
__CFG_EBTRB$OFF                (abs)        000000
__CFG_FCMEN$OFF                (abs)        000000
__CFG_FOSC$HSPLL_HS            (abs)        000000
__CFG_ICPRT$OFF                (abs)        000000
__CFG_IESO$OFF                 (abs)        000000
__CFG_LPT1OSC$OFF              (abs)        000000
__CFG_LVP$OFF                  (abs)        000000
__CFG_MCLRE$ON                 (abs)        000000
__CFG_PBADEN$OFF               (abs)        000000
__CFG_PLLDIV$5                 (abs)        000000
__CFG_PWRT$OFF                 (abs)        000000
__CFG_STVREN$ON                (abs)        000000
__CFG_USBDIV$1                 (abs)        000000
__CFG_VREGEN$OFF               (abs)        000000
__CFG_WDT$OFF                  (abs)        000000
__CFG_WDTPS$32768              (abs)        000000
__CFG_WRT0$OFF                 (abs)        000000
__CFG_WRT1$OFF                 (abs)        000000
__CFG_WRT2$OFF                 (abs)        000000
__CFG_WRT3$OFF                 (abs)        000000
__CFG_WRTB$OFF                 (abs)        000000
__CFG_WRTC$OFF                 (abs)        000000
__CFG_WRTD$OFF                 (abs)        000000
__CFG_XINST$OFF                (abs)        000000
__HRAM                         (abs)        000000
__Habs1                        abs1         000000
__Hbank0                       bank0        000000
__Hbank1                       bank1        000000
__Hbank2                       bank2        000000
__Hbank3                       bank3        000000
__Hbank4                       bank4        000000
__Hbank5                       bank5        000000
__Hbank6                       bank6        000000
__Hbank7                       bank7        000000
__Hbigbss                      bigbss       000000
__Hbigdata                     bigdata      000000
__Hbigram                      bigram       000000
__Hbss                         bss          000000
__HbssCOMRAM                   bssCOMRAM    000000
__Hcinit                       cinit        000000
__Hclrtext                     clrtext      000000
__Hcomram                      comram       000000
__Hconfig                      config       30000E
__Hconst                       const        000000
__HcstackCOMRAM                cstackCOMRAM 000000
__Hdata                        data         000000
__HdataCOMRAM                  dataCOMRAM   000000
__Heeprom_data                 eeprom_data  000000
__Hfarbss                      farbss       000000
__Hfardata                     fardata      000000
__Hibigdata                    ibigdata     000000
__Hidata                       idata        000000
__HidataCOMRAM                 idataCOMRAM  000000
__Hidloc                       idloc        200008
__Hifardata                    ifardata     000000
__Hinit                        init         000004
__Hintcode                     intcode      000000
__Hintcode_body                intcode_body 000000
__Hintcodelo                   intcodelo    000000
__Hintentry                    intentry     000000
__Hintret                      intret       000000
__Hintsave_regs                intsave_regs 000000
__Hirdata                      irdata       000000
__Hmediumconst                 mediumconst  000000
__HnvFARRAM                    nvFARRAM     000000
__Hnvbit                       nvbit        000000
__Hnvrram                      nvrram       000000
__Hparam                       rparam       000000
__Hpowerup                     powerup      000000
__Hram                         ram          000000
__Hramtop                      ramtop       000800
__Hrbit                        rbit         000000
__Hrbss                        rbss         000000
__Hrdata                       rdata        000000
__Hreset_vec                   reset_vec    000000
__Hrparam                      rparam       000000
__Hsfr                         sfr          000000
__Hsmallconst                  smallconst   000000
__Hspace_0                     (abs)        30000E
__Hspace_1                     (abs)        00001D
__Hspace_2                     (abs)        000000
__Hstack                       stack        000000
__Hstruct                      struct       000000
__Htemp                        temp         000000
__Htext                        text         000000
__Htext0                       text0        000000
__Htext1                       text1        000000
__Htext2                       text2        000000
__Htext3                       text3        000000
__Htext4                       text4        000000
__Htext5                       text5        000000
__Htext6                       text6        000000
__LRAM                         (abs)        000001
__Labs1                        abs1         000000
__Lbank0                       bank0        000000
__Lbank1                       bank1        000000
__Lbank2                       bank2        000000
__Lbank3                       bank3        000000
__Lbank4                       bank4        000000
__Lbank5                       bank5        000000
__Lbank6                       bank6        000000
__Lbank7                       bank7        000000
__Lbigbss                      bigbss       000000
__Lbigdata                     bigdata      000000
__Lbigram                      bigram       000000
__Lbss                         bss          000000
__LbssCOMRAM                   bssCOMRAM    000000
__Lcinit                       cinit        000000
__Lclrtext                     clrtext      000000
__Lcomram                      comram       000000
__Lconfig                      config       300000
__Lconst                       const        000000
__LcstackCOMRAM                cstackCOMRAM 000000
__Ldata                        data         000000
__LdataCOMRAM                  dataCOMRAM   000000
__Leeprom_data                 eeprom_data  000000
__Lfarbss                      farbss       000000
__Lfardata                     fardata      000000
__Libigdata                    ibigdata     000000
__Lidata                       idata        000000
__LidataCOMRAM                 idataCOMRAM  000000
__Lidloc                       idloc        200000
__Lifardata                    ifardata     000000
__Linit                        init         000000
__Lintcode                     intcode      000000
__Lintcode_body                intcode_body 000000
__Lintcodelo                   intcodelo    000000
__Lintentry                    intentry     000000
__Lintret                      intret       000000
__Lintsave_regs                intsave_regs 000000
__Lirdata                      irdata       000000
__Lmediumconst                 mediumconst  000000
__LnvFARRAM                    nvFARRAM     000000
__Lnvbit                       nvbit        000000
__Lnvrram                      nvrram       000000
__Lparam                       rparam       000000
__Lpowerup                     powerup      000000
__Lram                         ram          000000
__Lramtop                      ramtop       000800
__Lrbit                        rbit         000000
__Lrbss                        rbss         000000
__Lrdata                       rdata        000000
__Lreset_vec                   reset_vec    000000
__Lrparam                      rparam       000000
__Lsfr                         sfr          000000
__Lsmallconst                  smallconst   000000
__Lspace_0                     (abs)        000000
__Lspace_1                     (abs)        000000
__Lspace_2                     (abs)        000000
__Lstack                       stack        000000
__Lstruct                      struct       000000
__Ltemp                        temp         000000
__Ltext                        text         000000
__Ltext0                       text0        000000
__Ltext1                       text1        000000
__Ltext2                       text2        000000
__Ltext3                       text3        000000
__Ltext4                       text4        000000
__Ltext5                       text5        000000
__Ltext6                       text6        000000
__S0                           (abs)        30000E
__S1                           (abs)        00001D
__S2                           (abs)        000000
___inthi_sp                    stack        000000
___intlo_sp                    stack        000000
___param_bank                  (abs)        000000
___rparam_used                 (abs)        000001
___sp                          stack        000000
__accesstop                    (abs)        000060
__activetblptr                 (abs)        000000
__end_of__initialization       cinit        007BA0
__end_of_main                  text0        008000
__end_of_neopixel_init         text6        007B5C
__end_of_neopixel_offLeds      text3        007B8A
__end_of_neopixel_reset        text5        007B70
__end_of_neopixel_setColor     text4        007D28
__end_of_neopixel_turnFromTo   text2        007BCA
__end_of_neopixel_turnOneLed   text1        007BF8
__initialization               cinit        007B8A
__mediumconst                  mediumconst  000000
__pbssCOMRAM                   bssCOMRAM    00001A
__pcinit                       cinit        007B8A
__pcstackCOMRAM                cstackCOMRAM 000001
__pdataCOMRAM                  dataCOMRAM   00001C
__pidataCOMRAM                 idataCOMRAM  007B4F
__ptext0                       text0        007D28
__ptext1                       text1        007BCA
__ptext2                       text2        007BA6
__ptext3                       text3        007B70
__ptext4                       text4        007BF8
__ptext5                       text5        007B5C
__ptext6                       text6        007B50
__ramtop                       ramtop       000800
__size_of_main                 (abs)        000000
__size_of_neopixel_init        (abs)        000000
__size_of_neopixel_offLeds     (abs)        000000
__size_of_neopixel_reset       (abs)        000000
__size_of_neopixel_setColor    (abs)        000000
__size_of_neopixel_turnFromTo  (abs)        000000
__size_of_neopixel_turnOneLed  (abs)        000000
__smallconst                   smallconst   000000
_bv                            bssCOMRAM    00001A
_gv                            dataCOMRAM   00001C
_main                          text0        007D28
_neopixel_init                 text6        007B50
_neopixel_offLeds              text3        007B70
_neopixel_reset                text5        007B5C
_neopixel_setColor             text4        007BF8
_neopixel_turnFromTo           text2        007BA6
_neopixel_turnOneLed           text1        007BCA
_rv                            bssCOMRAM    00001B
end_of_initialization          cinit        007BA0
intlevel0                      text         000000
intlevel1                      text         000000
intlevel2                      text         000000
intlevel3                      text         000000
main@c                         cstackCOMRAM 000016
main@c_189                     cstackCOMRAM 000017
main@c_190                     cstackCOMRAM 000018
main@c_191                     cstackCOMRAM 000019
main@z                         cstackCOMRAM 000015
neopixel_offLeds@index         cstackCOMRAM 00000D
neopixel_offLeds@reset         cstackCOMRAM 00000C
neopixel_setColor@b            cstackCOMRAM 000003
neopixel_setColor@g            cstackCOMRAM 000002
neopixel_setColor@i            cstackCOMRAM 000007
neopixel_setColor@numberOfLeds cstackCOMRAM 000004
neopixel_setColor@r            cstackCOMRAM 000006
neopixel_setColor@showChanges  cstackCOMRAM 000005
neopixel_setColor@val          cstackCOMRAM 00000B
neopixel_setColor@x            cstackCOMRAM 000008
neopixel_setColor@x_174        cstackCOMRAM 000009
neopixel_setColor@x_175        cstackCOMRAM 00000A
neopixel_turnFromTo@b          cstackCOMRAM 000011
neopixel_turnFromTo@g          cstackCOMRAM 000010
neopixel_turnFromTo@indexF     cstackCOMRAM 000012
neopixel_turnFromTo@indexT     cstackCOMRAM 00000E
neopixel_turnFromTo@r          cstackCOMRAM 00000F
neopixel_turnOneLed@b          cstackCOMRAM 000010
neopixel_turnOneLed@g          cstackCOMRAM 00000F
neopixel_turnOneLed@index      cstackCOMRAM 000011
neopixel_turnOneLed@r          cstackCOMRAM 00000E
stackhi                        (abs)        0007FF
stacklo                        (abs)        000060
start                          init         000000
start_initialization           cinit        007B8A


FUNCTION INFORMATION:

 *************** function _main *****************
 Defined at:
		line 95 in file "neopixel_ws2812.c"
 Parameters:    Size  Location     Type
		None
 Auto vars:     Size  Location     Type
  z               1   20[COMRAM] unsigned char 
  c               1   24[COMRAM] unsigned char 
  c               1   23[COMRAM] unsigned char 
  c               1   22[COMRAM] unsigned char 
  c               1   21[COMRAM] unsigned char 
 Return value:  Size  Location     Type
                  1    wreg      void 
 Registers used:
		wreg, status,2, status,0, cstack
 Tracked objects:
		On entry : 
		On exit  : 
		Unchanged: 
 Data sizes:     COMRAM   BANK0   BANK1   BANK2   BANK3   BANK4   BANK5   BANK6   BANK7
      Params:         0       0       0       0       0       0       0       0       0
      Locals:         5       0       0       0       0       0       0       0       0
      Temps:          2       0       0       0       0       0       0       0       0
      Totals:         7       0       0       0       0       0       0       0       0
Total ram usage:        7 bytes
 Hardware stack levels required when called:    4
 This function calls:
		_neopixel_init
		_neopixel_offLeds
		_neopixel_setColor
		_neopixel_turnFromTo
		_neopixel_turnOneLed
 This function is called by:
		Startup code after reset
 This function uses a non-reentrant model


 *************** function _neopixel_turnOneLed *****************
 Defined at:
		line 25 in file "./CVR_neopixel_ws2812.h"
 Parameters:    Size  Location     Type
  index           1    wreg     unsigned char 
  r               1   13[COMRAM] unsigned char 
  g               1   14[COMRAM] unsigned char 
  b               1   15[COMRAM] unsigned char 
 Auto vars:     Size  Location     Type
  index           1   16[COMRAM] unsigned char 
 Return value:  Size  Location     Type
                  1    wreg      void 
 Registers used:
		wreg, status,2, status,0, cstack
 Tracked objects:
		On entry : 
		On exit  : 
		Unchanged: 
 Data sizes:     COMRAM   BANK0   BANK1   BANK2   BANK3   BANK4   BANK5   BANK6   BANK7
      Params:         3       0       0       0       0       0       0       0       0
      Locals:         1       0       0       0       0       0       0       0       0
      Temps:          0       0       0       0       0       0       0       0       0
      Totals:         4       0       0       0       0       0       0       0       0
Total ram usage:        4 bytes
 Hardware stack levels used:    1
 Hardware stack levels required when called:    3
 This function calls:
		_neopixel_offLeds
		_neopixel_setColor
 This function is called by:
		_main
 This function uses a non-reentrant model


 *************** function _neopixel_turnFromTo *****************
 Defined at:
		line 30 in file "./CVR_neopixel_ws2812.h"
 Parameters:    Size  Location     Type
  indexF          1    wreg     unsigned char 
  indexT          1   13[COMRAM] unsigned char 
  r               1   14[COMRAM] unsigned char 
  g               1   15[COMRAM] unsigned char 
  b               1   16[COMRAM] unsigned char 
 Auto vars:     Size  Location     Type
  indexF          1   17[COMRAM] unsigned char 
 Return value:  Size  Location     Type
                  1    wreg      void 
 Registers used:
		wreg, status,2, status,0, cstack
 Tracked objects:
		On entry : 
		On exit  : 
		Unchanged: 
 Data sizes:     COMRAM   BANK0   BANK1   BANK2   BANK3   BANK4   BANK5   BANK6   BANK7
      Params:         4       0       0       0       0       0       0       0       0
      Locals:         1       0       0       0       0       0       0       0       0
      Temps:          0       0       0       0       0       0       0       0       0
      Totals:         5       0       0       0       0       0       0       0       0
Total ram usage:        5 bytes
 Hardware stack levels used:    1
 Hardware stack levels required when called:    3
 This function calls:
		_neopixel_offLeds
		_neopixel_setColor
 This function is called by:
		_main
 This function uses a non-reentrant model


 *************** function _neopixel_offLeds *****************
 Defined at:
		line 34 in file "./CVR_neopixel_ws2812.h"
 Parameters:    Size  Location     Type
  index           1    wreg     unsigned char 
  reset           1   11[COMRAM] unsigned char 
 Auto vars:     Size  Location     Type
  index           1   12[COMRAM] unsigned char 
 Return value:  Size  Location     Type
                  1    wreg      void 
 Registers used:
		wreg, status,2, status,0, cstack
 Tracked objects:
		On entry : 
		On exit  : 
		Unchanged: 
 Data sizes:     COMRAM   BANK0   BANK1   BANK2   BANK3   BANK4   BANK5   BANK6   BANK7
      Params:         1       0       0       0       0       0       0       0       0
      Locals:         1       0       0       0       0       0       0       0       0
      Temps:          0       0       0       0       0       0       0       0       0
      Totals:         2       0       0       0       0       0       0       0       0
Total ram usage:        2 bytes
 Hardware stack levels used:    1
 Hardware stack levels required when called:    2
 This function calls:
		_neopixel_setColor
 This function is called by:
		_neopixel_turnOneLed
		_neopixel_turnFromTo
		_main
 This function uses a non-reentrant model


 *************** function _neopixel_setColor *****************
 Defined at:
		line 37 in file "./CVR_neopixel_ws2812.h"
 Parameters:    Size  Location     Type
  r               1    wreg     unsigned char 
  g               1    1[COMRAM] unsigned char 
  b               1    2[COMRAM] unsigned char 
  numberOfLeds    1    3[COMRAM] unsigned char 
  showChanges     1    4[COMRAM] unsigned char 
 Auto vars:     Size  Location     Type
  r               1    5[COMRAM] unsigned char 
  x               1    9[COMRAM] unsigned char 
  x               1    8[COMRAM] unsigned char 
  x               1    7[COMRAM] unsigned char 
  val             1   10[COMRAM] unsigned char 
  i               1    6[COMRAM] unsigned char 
 Return value:  Size  Location     Type
                  1    wreg      void 
 Registers used:
		wreg, status,2, status,0, cstack
 Tracked objects:
		On entry : 
		On exit  : 
		Unchanged: 
 Data sizes:     COMRAM   BANK0   BANK1   BANK2   BANK3   BANK4   BANK5   BANK6   BANK7
      Params:         4       0       0       0       0       0       0       0       0
      Locals:         6       0       0       0       0       0       0       0       0
      Temps:          0       0       0       0       0       0       0       0       0
      Totals:        10       0       0       0       0       0       0       0       0
Total ram usage:       10 bytes
 Hardware stack levels used:    1
 Hardware stack levels required when called:    1
 This function calls:
		_neopixel_reset
 This function is called by:
		_neopixel_turnOneLed
		_neopixel_turnFromTo
		_neopixel_offLeds
		_main
 This function uses a non-reentrant model


 *************** function _neopixel_reset *****************
 Defined at:
		line 90 in file "./CVR_neopixel_ws2812.h"
 Parameters:    Size  Location     Type
		None
 Auto vars:     Size  Location     Type
		None
 Return value:  Size  Location     Type
                  1    wreg      void 
 Registers used:
		wreg
 Tracked objects:
		On entry : 
		On exit  : 
		Unchanged: 
 Data sizes:     COMRAM   BANK0   BANK1   BANK2   BANK3   BANK4   BANK5   BANK6   BANK7
      Params:         0       0       0       0       0       0       0       0       0
      Locals:         0       0       0       0       0       0       0       0       0
      Temps:          1       0       0       0       0       0       0       0       0
      Totals:         1       0       0       0       0       0       0       0       0
Total ram usage:        1 bytes
 Hardware stack levels used:    1
 This function calls:
		Nothing
 This function is called by:
		_neopixel_setColor
 This function uses a non-reentrant model


 *************** function _neopixel_init *****************
 Defined at:
		line 19 in file "./CVR_neopixel_ws2812.h"
 Parameters:    Size  Location     Type
		None
 Auto vars:     Size  Location     Type
		None
 Return value:  Size  Location     Type
                  1    wreg      void 
 Registers used:
		wreg
 Tracked objects:
		On entry : 
		On exit  : 
		Unchanged: 
 Data sizes:     COMRAM   BANK0   BANK1   BANK2   BANK3   BANK4   BANK5   BANK6   BANK7
      Params:         0       0       0       0       0       0       0       0       0
      Locals:         0       0       0       0       0       0       0       0       0
      Temps:          0       0       0       0       0       0       0       0       0
      Totals:         0       0       0       0       0       0       0       0       0
Total ram usage:        0 bytes
 Hardware stack levels used:    1
 This function calls:
		Nothing
 This function is called by:
		_main
 This function uses a non-reentrant model



MODULE INFORMATION

Module		Function		Class		Link	Load	Size
./CVR_neopixel_ws2812.h
		_neopixel_setColor		CODE           	7BF8	0000	305
		_neopixel_turnOneLed		CODE           	7BCA	0000	47
		_neopixel_turnFromTo		CODE           	7BA6	0000	37
		_neopixel_offLeds		CODE           	7B70	0000	27
		_neopixel_init 		CODE           	7B50	0000	13
		_neopixel_reset		CODE           	7B5C	0000	21

./CVR_neopixel_ws2812.h estimated size: 450

neopixel_ws2812.c
		_main          		CODE           	7D28	0000	729

neopixel_ws2812.c estimated size: 729

shared
		__initialization		CODE           	7B8A	0000	23

shared estimated size: 23

